INFO:root:READ ALL : skip=0 limit=100
INFO:root:READ ALL : skip=0 limit=100
INFO:root:READ ALL : skip=0 limit=100
INFO:root:READ ALL : skip=0 limit=100
INFO:root:READ ALL : skip=0 limit=100
INFO:root:CREATE : name='pizza' description='food' 
INFO:root:CREATE : name='pizza ' description='food' 
INFO:root:CREATE : name='' description='' 
INFO:root:DELETE : 3
INFO:root:DELETE : 2
INFO:root:READ ALL : skip=0 limit=100
INFO:root:READ ALL : skip=0 limit=100
INFO:root:CREATE : name='' description='' 
INFO:root:DELETE : 2
INFO:root:READ ALL : skip=0 limit=100
INFO:root:READ ALL : skip=0 limit=100
INFO:root:READ ALL : skip=0 limit=100
INFO:root:CREATE : name='' description='' 
INFO:root:DELETE : 2
INFO:root:READ ALL : skip=0 limit=100
INFO:root:READ ALL : skip=0 limit=100
INFO:root:CREATE : name='' description='' 
INFO:root:DELETE : 2
INFO:root:READ ALL : skip=0 limit=100
INFO:root:READ ALL : skip=0 limit=100
INFO:root:CREATE : name='' description='' 
INFO:root:CREATE : name='' description='' 
INFO:root:DELETE : 2
INFO:root:DELETE : 1
INFO:root:DELETE : 3
INFO:root:CREATE : name='' description='' 
INFO:root:CREATE : name='' description='' 
INFO:root:CREATE : name='' description='' 
INFO:root:DELETE : 1
INFO:root:DELETE : 2
INFO:root:DELETE : 3
INFO:root:READ ALL : skip=0 limit=100
INFO:root:READ ALL : skip=0 limit=100
INFO:root:CREATE : name='item' description='' 
INFO:root:CREATE : name='item' description='' 
INFO:root:DELETE : 1
INFO:root:DELETE : 2
INFO:root:READ ALL : skip=0 limit=100
INFO:root:READ ALL : skip=0 limit=100
INFO:root:CREATE : name='item' description='' 
INFO:root:CREATE : name='item' description='' 
INFO:root:UPDATE : item_id=1 new data={name='string' description='string'}
INFO:root:CREATE : name='item' description='123' 
INFO:root:CREATE : name='item' description='123' 
INFO:root:DELETE : 4
INFO:root:DELETE : 2
INFO:root:DELETE : 1
INFO:root:DELETE : 3
INFO:root:READ ALL : skip=0 limit=100
INFO:root:READ ALL : skip=0 limit=100
INFO:root:CREATE : name='item' description='' 
INFO:root:CREATE : name='item' description='' 
INFO:root:DELETE : 1
INFO:root:DELETE : 2
INFO:root:READ ALL : skip=0 limit=100
INFO:root:READ ALL : skip=0 limit=100
INFO:root:CREATE : name='item' description='' 
INFO:root:CREATE : name='item' description='' 
INFO:root:READ ALL : skip=0 limit=100
INFO:root:CREATE : name='' description='' 
INFO:root:CREATE : name='' description='' 
INFO:root:READ ALL : skip=0 limit=100
INFO:root:READ ALL : skip=0 limit=100
INFO:root:READ ALL : skip=0 limit=100
INFO:root:READ ALL : skip=0 limit=100
INFO:root:DELETE : 3
INFO:root:CREATE : name='item' description='' 
INFO:root:CREATE : name='item' description='' 
INFO:root:READ ALL : skip=0 limit=100
INFO:root:READ ALL : skip=0 limit=100
INFO:root:DELETE : 6
INFO:root:DELETE : 4
INFO:root:DELETE : 2
INFO:root:DELETE : 1
INFO:root:DELETE : 5
INFO:root:CREATE : name='track' description='' 
INFO:root:CREATE : name='track' description='' 
INFO:root:READ ALL : skip=0 limit=100
INFO:root:READ ALL : skip=0 limit=100
INFO:root:CREATE : name='item' description='' 
INFO:root:CREATE : name='item' description='' 
INFO:root:CREATE : name='item' description='' 
INFO:root:CREATE : name='item' description='' 
INFO:root:CREATE : name='item' description='' 
INFO:root:CREATE : name='item' description='' 
INFO:root:CREATE : name='item' description='' 
INFO:root:READ ALL : skip=0 limit=100
INFO:root:READ ALL : skip=0 limit=100
INFO:root:DELETE : 1
INFO:root:READ ALL : skip=0 limit=100
INFO:root:READ ALL : skip=0 limit=100
INFO:root:READ ALL : skip=0 limit=100
INFO:root:READ ALL : skip=0 limit=100
INFO:root:READ ALL : skip=0 limit=100
INFO:root:READ ALL : skip=0 limit=100
INFO:root:READ ALL : skip=0 limit=100
INFO:root:READ ALL : skip=0 limit=100
INFO:root:READ ALL : skip=0 limit=100
INFO:root:READ ALL : skip=0 limit=100
INFO:root:READ ALL : skip=0 limit=100
INFO:root:READ ALL : skip=0 limit=100
INFO:root:CREATE : name='' description='' 
INFO:root:DELETE : 1
INFO:root:READ ALL : skip=0 limit=100
INFO:root:READ ALL : skip=0 limit=100
INFO:root:READ ALL : skip=0 limit=100
INFO:root:READ ALL : skip=0 limit=100
INFO:root:READ ALL : skip=0 limit=100
INFO:root:READ ALL : skip=0 limit=100
INFO:root:READ ALL : skip=0 limit=100
INFO:root:READ ALL : skip=0 limit=100
INFO:root:CREATE : name='Sissie' description='Product Management' 
INFO:root:CREATE : name='Thomasin' description='Support' 
INFO:root:CREATE : name='Wit' description='Training' 
INFO:root:CREATE : name='Earl' description='Research and Development' 
INFO:root:CREATE : name='Dyna' description='Support' 
INFO:root:CREATE : name='Sissie' description='Product Management' 
INFO:root:CREATE : name='Sissie' description='Product Management' 
INFO:root:CREATE : name='Sissie' description='Product Management' 
INFO:root:CREATE : name='Thomasin' description='Support' 
INFO:root:CREATE : name='Wit' description='Training' 
INFO:root:CREATE : name='Earl' description='Research and Development' 
INFO:root:CREATE : name='Dyna' description='Support' 
INFO:root:CREATE : name='Roddy' description='Training' 
INFO:root:CREATE : name='Had' description='Support' 
INFO:root:CREATE : name='Orsola' description='Marketing' 
INFO:root:CREATE : name='Loree' description='Training' 
INFO:root:CREATE : name='Terrill' description='Marketing' 
INFO:root:CREATE : name='Becki' description='Sales' 
INFO:root:CREATE : name='Meryl' description='Engineering' 
INFO:root:CREATE : name='Lethia' description='Support' 
INFO:root:CREATE : name='Aleece' description='Research and Development' 
INFO:root:CREATE : name='Dolley' description='Support' 
INFO:root:CREATE : name='Camille' description='Human Resources' 
INFO:root:CREATE : name='Antons' description='Accounting' 
INFO:root:CREATE : name='Angelle' description='Accounting' 
INFO:root:CREATE : name='Lonnie' description='Sales' 
INFO:root:CREATE : name='Jillie' description='Sales' 
INFO:root:CREATE : name='Odey' description='Sales' 
INFO:root:CREATE : name='Ancell' description='Legal' 
INFO:root:CREATE : name='Sibella' description='Services' 
INFO:root:CREATE : name='Ferrell' description='Training' 
INFO:root:CREATE : name='Dredi' description='Business Development' 
INFO:root:CREATE : name='Afton' description='Marketing' 
INFO:root:CREATE : name='Leanora' description='Services' 
INFO:root:CREATE : name='Reinold' description='Business Development' 
INFO:root:CREATE : name='Jeffry' description='Support' 
INFO:root:CREATE : name='Ashil' description='Services' 
INFO:root:CREATE : name='Jodie' description='Support' 
INFO:root:CREATE : name='Kacie' description='Business Development' 
INFO:root:CREATE : name='Layla' description='Training' 
INFO:root:CREATE : name='Susan' description='Human Resources' 
INFO:root:CREATE : name='Gare' description='Training' 
INFO:root:CREATE : name='Ethelbert' description='Training' 
INFO:root:CREATE : name='Kissie' description='Human Resources' 
INFO:root:CREATE : name='Erica' description='Engineering' 
INFO:root:CREATE : name='Shoshanna' description='Engineering' 
INFO:root:CREATE : name='Waneta' description='Accounting' 
INFO:root:CREATE : name='Glyn' description='Services' 
INFO:root:CREATE : name='Margie' description='Legal' 
INFO:root:CREATE : name='Wesley' description='Support' 
INFO:root:CREATE : name='Artus' description='Sales' 
INFO:root:CREATE : name='Vladimir' description='Engineering' 
INFO:root:CREATE : name='Nanny' description='Sales' 
INFO:root:CREATE : name='Fairlie' description='Training' 
INFO:root:CREATE : name='Brett' description='Marketing' 
INFO:root:CREATE : name='Nannette' description='Legal' 
INFO:root:CREATE : name='Patrizia' description='Product Management' 
INFO:root:CREATE : name='Trista' description='Research and Development' 
INFO:root:CREATE : name='Suzette' description='Services' 
INFO:root:CREATE : name='Yorker' description='Accounting' 
INFO:root:CREATE : name='Shirleen' description='Business Development' 
INFO:root:CREATE : name='Gill' description='Business Development' 
INFO:root:CREATE : name='Lev' description='Support' 
INFO:root:CREATE : name='Kalindi' description='Human Resources' 
INFO:root:CREATE : name='Abigail' description='Support' 
INFO:root:CREATE : name='Welbie' description='Training' 
INFO:root:CREATE : name='Kristopher' description='Human Resources' 
INFO:root:CREATE : name='Minnaminnie' description='Support' 
INFO:root:CREATE : name='Maurise' description='Training' 
INFO:root:CREATE : name='Madelena' description='Accounting' 
INFO:root:CREATE : name='Colan' description='Training' 
INFO:root:CREATE : name='Walt' description='Engineering' 
INFO:root:CREATE : name='Kippy' description='Human Resources' 
INFO:root:CREATE : name='Alvis' description='Sales' 
INFO:root:CREATE : name='Tarrance' description='Product Management' 
INFO:root:CREATE : name='Meredith' description='Human Resources' 
INFO:root:CREATE : name='Geordie' description='Accounting' 
INFO:root:CREATE : name='Nadean' description='Training' 
INFO:root:CREATE : name='Yettie' description='Research and Development' 
INFO:root:CREATE : name='Gypsy' description='Sales' 
INFO:root:CREATE : name='Kathi' description='Marketing' 
INFO:root:CREATE : name='Jordanna' description='Legal' 
INFO:root:CREATE : name='Kort' description='Engineering' 
INFO:root:CREATE : name='Keefer' description='Marketing' 
INFO:root:CREATE : name='Lenci' description='Legal' 
INFO:root:CREATE : name='Harmon' description='Accounting' 
INFO:root:CREATE : name='Ab' description='Services' 
INFO:root:CREATE : name='Ashbey' description='Research and Development' 
INFO:root:CREATE : name='Gibb' description='Training' 
INFO:root:CREATE : name='Corrie' description='Research and Development' 
INFO:root:CREATE : name='Inglebert' description='Services' 
INFO:root:CREATE : name='Elmo' description='Engineering' 
INFO:root:CREATE : name='Jeannie' description='Business Development' 
INFO:root:CREATE : name='Lorilee' description='Accounting' 
INFO:root:CREATE : name='Pearce' description='Training' 
INFO:root:CREATE : name='Llywellyn' description='Engineering' 
INFO:root:CREATE : name='Alisa' description='Accounting' 
INFO:root:CREATE : name='Haven' description='Legal' 
INFO:root:CREATE : name='Baxie' description='Marketing' 
INFO:root:CREATE : name='Pepi' description='Legal' 
INFO:root:CREATE : name='Margaux' description='Product Management' 
INFO:root:CREATE : name='Peter' description='Business Development' 
INFO:root:CREATE : name='Fawne' description='Business Development' 
INFO:root:CREATE : name='Farr' description='Business Development' 
INFO:root:CREATE : name='Marybeth' description='Sales' 
INFO:root:CREATE : name='Caralie' description='Product Management' 
INFO:root:CREATE : name='Lorilyn' description='Support' 
INFO:root:CREATE : name='Boycey' description='Human Resources' 
INFO:root:CREATE : name='Ashien' description='Product Management' 
INFO:root:CREATE : name='Cymbre' description='Product Management' 
INFO:root:CREATE : name='Gaspar' description='Research and Development' 
INFO:root:CREATE : name='Sacha' description='Business Development' 
INFO:root:CREATE : name='Maurine' description='Product Management' 
INFO:root:CREATE : name='Any' description='Sales' 
INFO:root:CREATE : name='Worth' description='Engineering' 
INFO:root:CREATE : name='Trina' description='Marketing' 
INFO:root:CREATE : name='Nahum' description='Human Resources' 
INFO:root:CREATE : name='Ev' description='Product Management' 
INFO:root:CREATE : name='Ellsworth' description='Engineering' 
INFO:root:CREATE : name='Rosalyn' description='Marketing' 
INFO:root:CREATE : name='Ailey' description='Legal' 
INFO:root:CREATE : name='Jackie' description='Sales' 
INFO:root:CREATE : name='Susette' description='Marketing' 
INFO:root:CREATE : name='Adan' description='Business Development' 
INFO:root:CREATE : name='Joly' description='Legal' 
INFO:root:CREATE : name='Leigh' description='Legal' 
INFO:root:CREATE : name='Ignazio' description='Business Development' 
INFO:root:CREATE : name='Alie' description='Support' 
INFO:root:CREATE : name='Donnajean' description='Accounting' 
INFO:root:CREATE : name='Dorothea' description='Marketing' 
INFO:root:CREATE : name='Sammie' description='Human Resources' 
INFO:root:CREATE : name='Diego' description='Human Resources' 
INFO:root:CREATE : name='Herculie' description='Engineering' 
INFO:root:CREATE : name='Allayne' description='Human Resources' 
INFO:root:CREATE : name='Shadow' description='Business Development' 
INFO:root:CREATE : name='Rustie' description='Human Resources' 
INFO:root:CREATE : name='Doti' description='Business Development' 
INFO:root:CREATE : name='Heida' description='Product Management' 
INFO:root:CREATE : name='Daryn' description='Services' 
INFO:root:CREATE : name='Michal' description='Sales' 
INFO:root:CREATE : name='Elaine' description='Human Resources' 
INFO:root:CREATE : name='Holmes' description='Sales' 
INFO:root:CREATE : name='Whitaker' description='Training' 
INFO:root:CREATE : name='Heinrick' description='Training' 
INFO:root:CREATE : name='Sheilah' description='Marketing' 
INFO:root:CREATE : name='Evie' description='Human Resources' 
INFO:root:CREATE : name='Cortie' description='Services' 
INFO:root:CREATE : name='Ivar' description='Sales' 
INFO:root:CREATE : name='Alameda' description='Training' 
INFO:root:CREATE : name='Anders' description='Support' 
INFO:root:CREATE : name='June' description='Human Resources' 
INFO:root:CREATE : name='Deirdre' description='Engineering' 
INFO:root:CREATE : name='Titos' description='Training' 
INFO:root:CREATE : name='Gunar' description='Business Development' 
INFO:root:CREATE : name='Keith' description='Legal' 
INFO:root:CREATE : name='Port' description='Research and Development' 
INFO:root:CREATE : name='Freddy' description='Legal' 
INFO:root:CREATE : name='Dollie' description='Sales' 
INFO:root:CREATE : name='Donnie' description='Human Resources' 
INFO:root:CREATE : name='Sandye' description='Engineering' 
INFO:root:CREATE : name='Emery' description='Legal' 
INFO:root:CREATE : name='Jana' description='Research and Development' 
INFO:root:CREATE : name='Carlynn' description='Business Development' 
INFO:root:CREATE : name='Marty' description='Research and Development' 
INFO:root:CREATE : name='Brunhilda' description='Legal' 
INFO:root:CREATE : name='Jolynn' description='Engineering' 
INFO:root:CREATE : name='Vikky' description='Research and Development' 
INFO:root:CREATE : name='Jessamyn' description='Support' 
INFO:root:CREATE : name='Dorthy' description='Business Development' 
INFO:root:CREATE : name='Charlton' description='Research and Development' 
INFO:root:CREATE : name='Killian' description='Engineering' 
INFO:root:CREATE : name='Vina' description='Support' 
INFO:root:CREATE : name='Sheila-kathryn' description='Legal' 
INFO:root:CREATE : name='Gran' description='Accounting' 
INFO:root:CREATE : name='Jessamyn' description='Services' 
INFO:root:CREATE : name='Casie' description='Support' 
INFO:root:CREATE : name='My' description='Accounting' 
INFO:root:CREATE : name='Angelita' description='Product Management' 
INFO:root:CREATE : name='Alisander' description='Support' 
INFO:root:CREATE : name='Monah' description='Engineering' 
INFO:root:CREATE : name='Bradford' description='Support' 
INFO:root:CREATE : name='Dunc' description='Accounting' 
INFO:root:CREATE : name='Theodor' description='Training' 
INFO:root:CREATE : name='Devinne' description='Accounting' 
INFO:root:CREATE : name='Arvin' description='Marketing' 
INFO:root:CREATE : name='Dulci' description='Research and Development' 
INFO:root:CREATE : name='Fiona' description='Human Resources' 
INFO:root:CREATE : name='Claudette' description='Sales' 
INFO:root:CREATE : name='Thorstein' description='Research and Development' 
INFO:root:CREATE : name='Randee' description='Support' 
INFO:root:CREATE : name='Baily' description='Business Development' 
INFO:root:CREATE : name='Betteann' description='Support' 
INFO:root:CREATE : name='Uta' description='Services' 
INFO:root:CREATE : name='Aubine' description='Human Resources' 
INFO:root:CREATE : name='Nollie' description='Sales' 
INFO:root:CREATE : name='Ferris' description='Accounting' 
INFO:root:CREATE : name='Merralee' description='Human Resources' 
INFO:root:CREATE : name='Truman' description='Support' 
INFO:root:CREATE : name='Yorgos' description='Support' 
INFO:root:CREATE : name='Briana' description='Marketing' 
INFO:root:CREATE : name='Christine' description='Sales' 
INFO:root:CREATE : name='Carin' description='Engineering' 
INFO:root:CREATE : name='Frederick' description='Engineering' 
INFO:root:CREATE : name='Johann' description='Human Resources' 
INFO:root:CREATE : name='Eben' description='Marketing' 
INFO:root:CREATE : name='Elissa' description='Research and Development' 
INFO:root:CREATE : name='Letti' description='Marketing' 
INFO:root:CREATE : name='Cob' description='Business Development' 
INFO:root:CREATE : name='Johnny' description='Training' 
INFO:root:CREATE : name='Susanne' description='Business Development' 
INFO:root:CREATE : name='Glenn' description='Services' 
INFO:root:CREATE : name='Raviv' description='Legal' 
INFO:root:CREATE : name='Binky' description='Product Management' 
INFO:root:CREATE : name='Malvin' description='Product Management' 
INFO:root:CREATE : name='Lorette' description='Product Management' 
INFO:root:CREATE : name='Raynor' description='Legal' 
INFO:root:CREATE : name='Nappie' description='Sales' 
INFO:root:CREATE : name='Verene' description='Services' 
INFO:root:CREATE : name='Erica' description='Marketing' 
INFO:root:CREATE : name='Karin' description='Business Development' 
INFO:root:CREATE : name='Rob' description='Engineering' 
INFO:root:CREATE : name='Andrew' description='Services' 
INFO:root:CREATE : name='Etienne' description='Services' 
INFO:root:CREATE : name='Hubert' description='Human Resources' 
INFO:root:CREATE : name='Rory' description='Services' 
INFO:root:CREATE : name='Timofei' description='Services' 
INFO:root:CREATE : name='Dunc' description='Research and Development' 
INFO:root:CREATE : name='Mariel' description='Business Development' 
INFO:root:CREATE : name='Jareb' description='Sales' 
INFO:root:CREATE : name='Cher' description='Business Development' 
INFO:root:CREATE : name='Lancelot' description='Marketing' 
INFO:root:CREATE : name='Sherlocke' description='Accounting' 
INFO:root:CREATE : name='Stephen' description='Accounting' 
INFO:root:CREATE : name='Jere' description='Sales' 
INFO:root:CREATE : name='Addy' description='Product Management' 
INFO:root:CREATE : name='Isabel' description='Research and Development' 
INFO:root:CREATE : name='Joye' description='Services' 
INFO:root:CREATE : name='Lennie' description='Human Resources' 
INFO:root:CREATE : name='Garrek' description='Marketing' 
INFO:root:CREATE : name='Kellen' description='Legal' 
INFO:root:CREATE : name='Robinet' description='Research and Development' 
INFO:root:CREATE : name='Ethelin' description='Product Management' 
INFO:root:CREATE : name='Zacharias' description='Training' 
INFO:root:CREATE : name='Ezra' description='Support' 
INFO:root:CREATE : name='Bernard' description='Sales' 
INFO:root:CREATE : name='Stephan' description='Engineering' 
INFO:root:CREATE : name='Brigid' description='Services' 
INFO:root:CREATE : name='Bronson' description='Marketing' 
INFO:root:CREATE : name='Eduard' description='Marketing' 
INFO:root:CREATE : name='Noby' description='Sales' 
INFO:root:CREATE : name='Nannie' description='Business Development' 
INFO:root:CREATE : name='Aksel' description='Training' 
INFO:root:CREATE : name='Demott' description='Services' 
INFO:root:CREATE : name='Filberto' description='Research and Development' 
INFO:root:CREATE : name='Guthrie' description='Marketing' 
INFO:root:CREATE : name='Joellyn' description='Training' 
INFO:root:CREATE : name='Aurlie' description='Legal' 
INFO:root:CREATE : name='Gail' description='Research and Development' 
INFO:root:CREATE : name='Doy' description='Business Development' 
INFO:root:CREATE : name='Bellanca' description='Engineering' 
INFO:root:CREATE : name='Lockwood' description='Training' 
INFO:root:CREATE : name='Cobbie' description='Research and Development' 
INFO:root:CREATE : name='Dee dee' description='Services' 
INFO:root:CREATE : name='Philippe' description='Training' 
INFO:root:CREATE : name='Lorry' description='Support' 
INFO:root:CREATE : name='Carmel' description='Training' 
INFO:root:CREATE : name='Brooke' description='Human Resources' 
INFO:root:CREATE : name='Pavel' description='Marketing' 
INFO:root:CREATE : name='Herminia' description='Research and Development' 
INFO:root:CREATE : name='Christos' description='Research and Development' 
INFO:root:CREATE : name='Pearle' description='Product Management' 
INFO:root:CREATE : name='Alexina' description='Research and Development' 
INFO:root:CREATE : name='Tarrance' description='Accounting' 
INFO:root:CREATE : name='Roland' description='Support' 
INFO:root:CREATE : name='Kelly' description='Accounting' 
INFO:root:CREATE : name='Veda' description='Engineering' 
INFO:root:CREATE : name='Hunfredo' description='Engineering' 
INFO:root:CREATE : name='Marcellina' description='Business Development' 
INFO:root:CREATE : name='Randi' description='Services' 
INFO:root:CREATE : name='Pascale' description='Marketing' 
INFO:root:CREATE : name='Christian' description='Engineering' 
INFO:root:CREATE : name='Terza' description='Engineering' 
INFO:root:CREATE : name='Riannon' description='Marketing' 
INFO:root:CREATE : name='Lurline' description='Sales' 
INFO:root:CREATE : name='Lyn' description='Engineering' 
INFO:root:CREATE : name='Brit' description='Marketing' 
INFO:root:CREATE : name='Alison' description='Training' 
INFO:root:CREATE : name='Alvis' description='Services' 
INFO:root:CREATE : name='Dew' description='Marketing' 
INFO:root:CREATE : name='Brose' description='Business Development' 
INFO:root:CREATE : name='Gregor' description='Engineering' 
INFO:root:CREATE : name='Joseph' description='Support' 
INFO:root:CREATE : name='Filip' description='Research and Development' 
INFO:root:CREATE : name='Belvia' description='Business Development' 
INFO:root:CREATE : name='Edgard' description='Research and Development' 
INFO:root:CREATE : name='Cobby' description='Research and Development' 
INFO:root:CREATE : name='Bethany' description='Product Management' 
INFO:root:CREATE : name='Sianna' description='Legal' 
INFO:root:CREATE : name='Nick' description='Marketing' 
INFO:root:CREATE : name='Ugo' description='Research and Development' 
INFO:root:CREATE : name='Rennie' description='Business Development' 
INFO:root:CREATE : name='Almeta' description='Services' 
INFO:root:CREATE : name='Chevy' description='Marketing' 
INFO:root:CREATE : name='Cleo' description='Engineering' 
INFO:root:CREATE : name='Starlin' description='Product Management' 
INFO:root:CREATE : name='Myrlene' description='Business Development' 
INFO:root:CREATE : name='Spencer' description='Research and Development' 
INFO:root:CREATE : name='Adriane' description='Services' 
INFO:root:CREATE : name='See' description='Support' 
INFO:root:CREATE : name='Tracy' description='Accounting' 
INFO:root:CREATE : name='Irene' description='Accounting' 
INFO:root:CREATE : name='Arlan' description='Support' 
INFO:root:CREATE : name='Melisse' description='Human Resources' 
INFO:root:CREATE : name='Roch' description='Training' 
INFO:root:CREATE : name='Vanya' description='Training' 
INFO:root:CREATE : name='Georgy' description='Sales' 
INFO:root:CREATE : name='Keelby' description='Support' 
INFO:root:CREATE : name='Chane' description='Support' 
INFO:root:CREATE : name='Jocelyne' description='Business Development' 
INFO:root:CREATE : name='Judah' description='Business Development' 
INFO:root:CREATE : name='Franciskus' description='Product Management' 
INFO:root:CREATE : name='Hilary' description='Business Development' 
INFO:root:CREATE : name='Christopher' description='Training' 
INFO:root:CREATE : name='Werner' description='Services' 
INFO:root:CREATE : name='Ansel' description='Business Development' 
INFO:root:CREATE : name='Boot' description='Training' 
INFO:root:CREATE : name='Zulema' description='Product Management' 
INFO:root:CREATE : name='Aldus' description='Services' 
INFO:root:CREATE : name='Adelaide' description='Engineering' 
INFO:root:CREATE : name='Agustin' description='Product Management' 
INFO:root:CREATE : name='Philomena' description='Legal' 
INFO:root:CREATE : name='Nana' description='Legal' 
INFO:root:CREATE : name='Christoph' description='Human Resources' 
INFO:root:CREATE : name='Myrvyn' description='Sales' 
INFO:root:CREATE : name='Odilia' description='Accounting' 
INFO:root:CREATE : name='Felicle' description='Human Resources' 
INFO:root:CREATE : name='Park' description='Research and Development' 
INFO:root:CREATE : name='Stanly' description='Legal' 
INFO:root:CREATE : name='Blinni' description='Marketing' 
INFO:root:CREATE : name='Selie' description='Business Development' 
INFO:root:CREATE : name='Elvira' description='Accounting' 
INFO:root:CREATE : name='Ida' description='Marketing' 
INFO:root:CREATE : name='Bernie' description='Product Management' 
INFO:root:CREATE : name='Emmott' description='Business Development' 
INFO:root:CREATE : name='Ernie' description='Support' 
INFO:root:CREATE : name='Denny' description='Engineering' 
INFO:root:CREATE : name='Braden' description='Human Resources' 
INFO:root:CREATE : name='Mannie' description='Research and Development' 
INFO:root:CREATE : name='Teddie' description='Business Development' 
INFO:root:CREATE : name='Fraser' description='Product Management' 
INFO:root:CREATE : name='Karrah' description='Engineering' 
INFO:root:CREATE : name='Hi' description='Research and Development' 
INFO:root:CREATE : name='Deni' description='Human Resources' 
INFO:root:CREATE : name='Latia' description='Business Development' 
INFO:root:CREATE : name='Mikol' description='Support' 
INFO:root:CREATE : name='Jethro' description='Services' 
INFO:root:CREATE : name='Alfreda' description='Support' 
INFO:root:CREATE : name='Dredi' description='Sales' 
INFO:root:CREATE : name='Kirby' description='Support' 
INFO:root:CREATE : name='Aleece' description='Sales' 
INFO:root:CREATE : name='Thorny' description='Legal' 
INFO:root:CREATE : name='Erwin' description='Engineering' 
INFO:root:CREATE : name='Bonny' description='Support' 
INFO:root:CREATE : name='Ethelred' description='Research and Development' 
INFO:root:CREATE : name='Dodie' description='Sales' 
INFO:root:CREATE : name='Benjy' description='Sales' 
INFO:root:CREATE : name='Bryn' description='Sales' 
INFO:root:CREATE : name='Rosalinda' description='Engineering' 
INFO:root:CREATE : name='Gordan' description='Engineering' 
INFO:root:CREATE : name='Garv' description='Product Management' 
INFO:root:CREATE : name='Abbie' description='Business Development' 
INFO:root:CREATE : name='Axe' description='Services' 
INFO:root:CREATE : name='Ashil' description='Marketing' 
INFO:root:CREATE : name='Allie' description='Sales' 
INFO:root:CREATE : name='Gabie' description='Product Management' 
INFO:root:CREATE : name='Nertie' description='Accounting' 
INFO:root:CREATE : name='Babara' description='Legal' 
INFO:root:CREATE : name='Brady' description='Research and Development' 
INFO:root:CREATE : name='Henriette' description='Accounting' 
INFO:root:CREATE : name='Alene' description='Accounting' 
INFO:root:CREATE : name='Dex' description='Services' 
INFO:root:CREATE : name='Perry' description='Legal' 
INFO:root:CREATE : name='Olympe' description='Training' 
INFO:root:CREATE : name='Stacy' description='Research and Development' 
INFO:root:CREATE : name='Gabbi' description='Legal' 
INFO:root:CREATE : name='North' description='Research and Development' 
INFO:root:CREATE : name='Fenelia' description='Sales' 
INFO:root:CREATE : name='Gregoor' description='Sales' 
INFO:root:CREATE : name='Keri' description='Engineering' 
INFO:root:CREATE : name='Corrinne' description='Human Resources' 
INFO:root:CREATE : name='Kynthia' description='Business Development' 
INFO:root:CREATE : name='Fitzgerald' description='Human Resources' 
INFO:root:CREATE : name='Cher' description='Marketing' 
INFO:root:CREATE : name='Raine' description='Legal' 
INFO:root:CREATE : name='Cary' description='Legal' 
INFO:root:CREATE : name='Kristian' description='Legal' 
INFO:root:CREATE : name='Cherrita' description='Legal' 
INFO:root:CREATE : name='Thedrick' description='Engineering' 
INFO:root:CREATE : name='Idalina' description='Support' 
INFO:root:CREATE : name='Clemens' description='Services' 
INFO:root:CREATE : name='Janetta' description='Research and Development' 
INFO:root:CREATE : name='Tommie' description='Business Development' 
INFO:root:CREATE : name='Rayner' description='Human Resources' 
INFO:root:CREATE : name='Stacee' description='Research and Development' 
INFO:root:CREATE : name='Davina' description='Accounting' 
INFO:root:CREATE : name='Axe' description='Engineering' 
INFO:root:CREATE : name='Florence' description='Accounting' 
INFO:root:CREATE : name='Chris' description='Services' 
INFO:root:CREATE : name='Reg' description='Accounting' 
INFO:root:CREATE : name='Harmonie' description='Engineering' 
INFO:root:CREATE : name='Tommie' description='Support' 
INFO:root:CREATE : name='Joline' description='Research and Development' 
INFO:root:CREATE : name='Kevan' description='Marketing' 
INFO:root:CREATE : name='Melany' description='Sales' 
INFO:root:CREATE : name='Nananne' description='Engineering' 
INFO:root:CREATE : name='Roxanna' description='Training' 
INFO:root:CREATE : name='Fielding' description='Research and Development' 
INFO:root:CREATE : name='Carilyn' description='Marketing' 
INFO:root:CREATE : name='Delia' description='Business Development' 
INFO:root:CREATE : name='Tonya' description='Support' 
INFO:root:CREATE : name='Sabra' description='Engineering' 
INFO:root:CREATE : name='Raddie' description='Human Resources' 
INFO:root:CREATE : name='Colene' description='Training' 
INFO:root:CREATE : name='Kennan' description='Services' 
INFO:root:CREATE : name='Terrill' description='Product Management' 
INFO:root:CREATE : name='Kinny' description='Business Development' 
INFO:root:CREATE : name='Markos' description='Legal' 
INFO:root:CREATE : name='Grantham' description='Marketing' 
INFO:root:CREATE : name='Kirstin' description='Legal' 
INFO:root:CREATE : name='Lissa' description='Engineering' 
INFO:root:CREATE : name='Lonnard' description='Marketing' 
INFO:root:CREATE : name='Konstanze' description='Support' 
INFO:root:CREATE : name='Roddie' description='Training' 
INFO:root:CREATE : name='Calley' description='Training' 
INFO:root:CREATE : name='Terrijo' description='Engineering' 
INFO:root:CREATE : name='Bart' description='Marketing' 
INFO:root:CREATE : name='Yulma' description='Support' 
INFO:root:CREATE : name='Annecorinne' description='Support' 
INFO:root:CREATE : name='Crawford' description='Legal' 
INFO:root:CREATE : name='Jennilee' description='Support' 
INFO:root:CREATE : name='Abram' description='Business Development' 
INFO:root:CREATE : name='Powell' description='Accounting' 
INFO:root:CREATE : name='Tad' description='Research and Development' 
INFO:root:CREATE : name='Gregorio' description='Marketing' 
INFO:root:CREATE : name='Beale' description='Sales' 
INFO:root:CREATE : name='Christean' description='Research and Development' 
INFO:root:CREATE : name='Sissie' description='Product Management' 
INFO:root:CREATE : name='Thomasin' description='Support' 
INFO:root:CREATE : name='Wit' description='Training' 
INFO:root:CREATE : name='Earl' description='Research and Development' 
INFO:root:CREATE : name='Dyna' description='Support' 
INFO:root:CREATE : name='Roddy' description='Training' 
INFO:root:CREATE : name='Had' description='Support' 
INFO:root:CREATE : name='Orsola' description='Marketing' 
INFO:root:CREATE : name='Loree' description='Training' 
INFO:root:CREATE : name='Terrill' description='Marketing' 
INFO:root:CREATE : name='Becki' description='Sales' 
INFO:root:CREATE : name='Meryl' description='Engineering' 
INFO:root:CREATE : name='Lethia' description='Support' 
INFO:root:CREATE : name='Aleece' description='Research and Development' 
INFO:root:CREATE : name='Dolley' description='Support' 
INFO:root:CREATE : name='Camille' description='Human Resources' 
INFO:root:CREATE : name='Antons' description='Accounting' 
INFO:root:CREATE : name='Angelle' description='Accounting' 
INFO:root:CREATE : name='Lonnie' description='Sales' 
INFO:root:CREATE : name='Jillie' description='Sales' 
INFO:root:CREATE : name='Odey' description='Sales' 
INFO:root:CREATE : name='Ancell' description='Legal' 
INFO:root:CREATE : name='Sibella' description='Services' 
INFO:root:CREATE : name='Ferrell' description='Training' 
INFO:root:CREATE : name='Dredi' description='Business Development' 
INFO:root:CREATE : name='Afton' description='Marketing' 
INFO:root:CREATE : name='Leanora' description='Services' 
INFO:root:CREATE : name='Reinold' description='Business Development' 
INFO:root:CREATE : name='Jeffry' description='Support' 
INFO:root:CREATE : name='Ashil' description='Services' 
INFO:root:CREATE : name='Jodie' description='Support' 
INFO:root:CREATE : name='Kacie' description='Business Development' 
INFO:root:CREATE : name='Layla' description='Training' 
INFO:root:CREATE : name='Susan' description='Human Resources' 
INFO:root:CREATE : name='Gare' description='Training' 
INFO:root:CREATE : name='Ethelbert' description='Training' 
INFO:root:CREATE : name='Kissie' description='Human Resources' 
INFO:root:CREATE : name='Erica' description='Engineering' 
INFO:root:CREATE : name='Shoshanna' description='Engineering' 
INFO:root:CREATE : name='Waneta' description='Accounting' 
INFO:root:CREATE : name='Glyn' description='Services' 
INFO:root:CREATE : name='Margie' description='Legal' 
INFO:root:CREATE : name='Wesley' description='Support' 
INFO:root:CREATE : name='Artus' description='Sales' 
INFO:root:CREATE : name='Vladimir' description='Engineering' 
INFO:root:CREATE : name='Nanny' description='Sales' 
INFO:root:CREATE : name='Fairlie' description='Training' 
INFO:root:CREATE : name='Brett' description='Marketing' 
INFO:root:CREATE : name='Nannette' description='Legal' 
INFO:root:CREATE : name='Patrizia' description='Product Management' 
INFO:root:CREATE : name='Trista' description='Research and Development' 
INFO:root:CREATE : name='Suzette' description='Services' 
INFO:root:CREATE : name='Yorker' description='Accounting' 
INFO:root:CREATE : name='Shirleen' description='Business Development' 
INFO:root:CREATE : name='Gill' description='Business Development' 
INFO:root:CREATE : name='Lev' description='Support' 
INFO:root:CREATE : name='Kalindi' description='Human Resources' 
INFO:root:CREATE : name='Abigail' description='Support' 
INFO:root:CREATE : name='Welbie' description='Training' 
INFO:root:CREATE : name='Kristopher' description='Human Resources' 
INFO:root:CREATE : name='Minnaminnie' description='Support' 
INFO:root:CREATE : name='Maurise' description='Training' 
INFO:root:CREATE : name='Madelena' description='Accounting' 
INFO:root:CREATE : name='Colan' description='Training' 
INFO:root:CREATE : name='Walt' description='Engineering' 
INFO:root:CREATE : name='Kippy' description='Human Resources' 
INFO:root:CREATE : name='Alvis' description='Sales' 
INFO:root:CREATE : name='Tarrance' description='Product Management' 
INFO:root:CREATE : name='Meredith' description='Human Resources' 
INFO:root:CREATE : name='Geordie' description='Accounting' 
INFO:root:CREATE : name='Nadean' description='Training' 
INFO:root:CREATE : name='Yettie' description='Research and Development' 
INFO:root:CREATE : name='Gypsy' description='Sales' 
INFO:root:CREATE : name='Kathi' description='Marketing' 
INFO:root:CREATE : name='Jordanna' description='Legal' 
INFO:root:CREATE : name='Kort' description='Engineering' 
INFO:root:CREATE : name='Keefer' description='Marketing' 
INFO:root:CREATE : name='Lenci' description='Legal' 
INFO:root:CREATE : name='Harmon' description='Accounting' 
INFO:root:CREATE : name='Ab' description='Services' 
INFO:root:CREATE : name='Ashbey' description='Research and Development' 
INFO:root:CREATE : name='Gibb' description='Training' 
INFO:root:CREATE : name='Corrie' description='Research and Development' 
INFO:root:CREATE : name='Inglebert' description='Services' 
INFO:root:CREATE : name='Elmo' description='Engineering' 
INFO:root:CREATE : name='Jeannie' description='Business Development' 
INFO:root:CREATE : name='Lorilee' description='Accounting' 
INFO:root:CREATE : name='Pearce' description='Training' 
INFO:root:CREATE : name='Llywellyn' description='Engineering' 
INFO:root:CREATE : name='Alisa' description='Accounting' 
INFO:root:CREATE : name='Haven' description='Legal' 
INFO:root:CREATE : name='Baxie' description='Marketing' 
INFO:root:CREATE : name='Pepi' description='Legal' 
INFO:root:CREATE : name='Margaux' description='Product Management' 
INFO:root:CREATE : name='Peter' description='Business Development' 
INFO:root:CREATE : name='Fawne' description='Business Development' 
INFO:root:CREATE : name='Farr' description='Business Development' 
INFO:root:CREATE : name='Marybeth' description='Sales' 
INFO:root:CREATE : name='Caralie' description='Product Management' 
INFO:root:CREATE : name='Lorilyn' description='Support' 
INFO:root:CREATE : name='Boycey' description='Human Resources' 
INFO:root:CREATE : name='Ashien' description='Product Management' 
INFO:root:CREATE : name='Cymbre' description='Product Management' 
INFO:root:CREATE : name='Gaspar' description='Research and Development' 
INFO:root:CREATE : name='Sacha' description='Business Development' 
INFO:root:CREATE : name='Maurine' description='Product Management' 
INFO:root:CREATE : name='Any' description='Sales' 
INFO:root:CREATE : name='Worth' description='Engineering' 
INFO:root:CREATE : name='Trina' description='Marketing' 
INFO:root:CREATE : name='Nahum' description='Human Resources' 
INFO:root:CREATE : name='Ev' description='Product Management' 
INFO:root:CREATE : name='Ellsworth' description='Engineering' 
INFO:root:CREATE : name='Rosalyn' description='Marketing' 
INFO:root:CREATE : name='Ailey' description='Legal' 
INFO:root:CREATE : name='Jackie' description='Sales' 
INFO:root:CREATE : name='Susette' description='Marketing' 
INFO:root:CREATE : name='Adan' description='Business Development' 
INFO:root:CREATE : name='Joly' description='Legal' 
INFO:root:CREATE : name='Leigh' description='Legal' 
INFO:root:CREATE : name='Ignazio' description='Business Development' 
INFO:root:CREATE : name='Alie' description='Support' 
INFO:root:CREATE : name='Donnajean' description='Accounting' 
INFO:root:CREATE : name='Dorothea' description='Marketing' 
INFO:root:CREATE : name='Sammie' description='Human Resources' 
INFO:root:CREATE : name='Diego' description='Human Resources' 
INFO:root:CREATE : name='Herculie' description='Engineering' 
INFO:root:CREATE : name='Allayne' description='Human Resources' 
INFO:root:CREATE : name='Shadow' description='Business Development' 
INFO:root:CREATE : name='Rustie' description='Human Resources' 
INFO:root:CREATE : name='Doti' description='Business Development' 
INFO:root:CREATE : name='Heida' description='Product Management' 
INFO:root:CREATE : name='Daryn' description='Services' 
INFO:root:CREATE : name='Michal' description='Sales' 
INFO:root:CREATE : name='Elaine' description='Human Resources' 
INFO:root:CREATE : name='Holmes' description='Sales' 
INFO:root:CREATE : name='Whitaker' description='Training' 
INFO:root:CREATE : name='Heinrick' description='Training' 
INFO:root:CREATE : name='Sheilah' description='Marketing' 
INFO:root:CREATE : name='Evie' description='Human Resources' 
INFO:root:CREATE : name='Cortie' description='Services' 
INFO:root:CREATE : name='Ivar' description='Sales' 
INFO:root:CREATE : name='Alameda' description='Training' 
INFO:root:CREATE : name='Anders' description='Support' 
INFO:root:CREATE : name='June' description='Human Resources' 
INFO:root:CREATE : name='Deirdre' description='Engineering' 
INFO:root:CREATE : name='Titos' description='Training' 
INFO:root:CREATE : name='Gunar' description='Business Development' 
INFO:root:CREATE : name='Keith' description='Legal' 
INFO:root:CREATE : name='Port' description='Research and Development' 
INFO:root:CREATE : name='Freddy' description='Legal' 
INFO:root:CREATE : name='Dollie' description='Sales' 
INFO:root:CREATE : name='Donnie' description='Human Resources' 
INFO:root:CREATE : name='Sandye' description='Engineering' 
INFO:root:CREATE : name='Emery' description='Legal' 
INFO:root:CREATE : name='Jana' description='Research and Development' 
INFO:root:CREATE : name='Carlynn' description='Business Development' 
INFO:root:CREATE : name='Marty' description='Research and Development' 
INFO:root:CREATE : name='Brunhilda' description='Legal' 
INFO:root:CREATE : name='Jolynn' description='Engineering' 
INFO:root:CREATE : name='Vikky' description='Research and Development' 
INFO:root:CREATE : name='Jessamyn' description='Support' 
INFO:root:CREATE : name='Dorthy' description='Business Development' 
INFO:root:CREATE : name='Charlton' description='Research and Development' 
INFO:root:CREATE : name='Killian' description='Engineering' 
INFO:root:CREATE : name='Vina' description='Support' 
INFO:root:CREATE : name='Sheila-kathryn' description='Legal' 
INFO:root:CREATE : name='Gran' description='Accounting' 
INFO:root:CREATE : name='Jessamyn' description='Services' 
INFO:root:CREATE : name='Casie' description='Support' 
INFO:root:CREATE : name='My' description='Accounting' 
INFO:root:CREATE : name='Angelita' description='Product Management' 
INFO:root:CREATE : name='Alisander' description='Support' 
INFO:root:CREATE : name='Monah' description='Engineering' 
INFO:root:CREATE : name='Bradford' description='Support' 
INFO:root:CREATE : name='Dunc' description='Accounting' 
INFO:root:CREATE : name='Theodor' description='Training' 
INFO:root:CREATE : name='Devinne' description='Accounting' 
INFO:root:CREATE : name='Arvin' description='Marketing' 
INFO:root:CREATE : name='Dulci' description='Research and Development' 
INFO:root:CREATE : name='Fiona' description='Human Resources' 
INFO:root:CREATE : name='Claudette' description='Sales' 
INFO:root:CREATE : name='Thorstein' description='Research and Development' 
INFO:root:CREATE : name='Randee' description='Support' 
INFO:root:CREATE : name='Baily' description='Business Development' 
INFO:root:CREATE : name='Betteann' description='Support' 
INFO:root:CREATE : name='Uta' description='Services' 
INFO:root:CREATE : name='Aubine' description='Human Resources' 
INFO:root:CREATE : name='Nollie' description='Sales' 
INFO:root:CREATE : name='Ferris' description='Accounting' 
INFO:root:CREATE : name='Merralee' description='Human Resources' 
INFO:root:CREATE : name='Truman' description='Support' 
INFO:root:CREATE : name='Yorgos' description='Support' 
INFO:root:CREATE : name='Briana' description='Marketing' 
INFO:root:CREATE : name='Christine' description='Sales' 
INFO:root:CREATE : name='Carin' description='Engineering' 
INFO:root:CREATE : name='Frederick' description='Engineering' 
INFO:root:CREATE : name='Johann' description='Human Resources' 
INFO:root:CREATE : name='Eben' description='Marketing' 
INFO:root:CREATE : name='Elissa' description='Research and Development' 
INFO:root:CREATE : name='Letti' description='Marketing' 
INFO:root:CREATE : name='Cob' description='Business Development' 
INFO:root:CREATE : name='Johnny' description='Training' 
INFO:root:CREATE : name='Susanne' description='Business Development' 
INFO:root:CREATE : name='Glenn' description='Services' 
INFO:root:CREATE : name='Raviv' description='Legal' 
INFO:root:CREATE : name='Binky' description='Product Management' 
INFO:root:CREATE : name='Malvin' description='Product Management' 
INFO:root:CREATE : name='Lorette' description='Product Management' 
INFO:root:CREATE : name='Raynor' description='Legal' 
INFO:root:CREATE : name='Nappie' description='Sales' 
INFO:root:CREATE : name='Verene' description='Services' 
INFO:root:CREATE : name='Erica' description='Marketing' 
INFO:root:CREATE : name='Karin' description='Business Development' 
INFO:root:CREATE : name='Rob' description='Engineering' 
INFO:root:CREATE : name='Andrew' description='Services' 
INFO:root:CREATE : name='Etienne' description='Services' 
INFO:root:CREATE : name='Hubert' description='Human Resources' 
INFO:root:CREATE : name='Rory' description='Services' 
INFO:root:CREATE : name='Timofei' description='Services' 
INFO:root:CREATE : name='Dunc' description='Research and Development' 
INFO:root:CREATE : name='Mariel' description='Business Development' 
INFO:root:CREATE : name='Jareb' description='Sales' 
INFO:root:CREATE : name='Cher' description='Business Development' 
INFO:root:CREATE : name='Lancelot' description='Marketing' 
INFO:root:CREATE : name='Sherlocke' description='Accounting' 
INFO:root:CREATE : name='Stephen' description='Accounting' 
INFO:root:CREATE : name='Jere' description='Sales' 
INFO:root:CREATE : name='Addy' description='Product Management' 
INFO:root:CREATE : name='Isabel' description='Research and Development' 
INFO:root:CREATE : name='Joye' description='Services' 
INFO:root:CREATE : name='Lennie' description='Human Resources' 
INFO:root:CREATE : name='Garrek' description='Marketing' 
INFO:root:CREATE : name='Kellen' description='Legal' 
INFO:root:CREATE : name='Robinet' description='Research and Development' 
INFO:root:CREATE : name='Ethelin' description='Product Management' 
INFO:root:CREATE : name='Zacharias' description='Training' 
INFO:root:CREATE : name='Ezra' description='Support' 
INFO:root:CREATE : name='Bernard' description='Sales' 
INFO:root:CREATE : name='Stephan' description='Engineering' 
INFO:root:CREATE : name='Brigid' description='Services' 
INFO:root:CREATE : name='Bronson' description='Marketing' 
INFO:root:CREATE : name='Eduard' description='Marketing' 
INFO:root:CREATE : name='Noby' description='Sales' 
INFO:root:CREATE : name='Nannie' description='Business Development' 
INFO:root:CREATE : name='Aksel' description='Training' 
INFO:root:CREATE : name='Demott' description='Services' 
INFO:root:CREATE : name='Filberto' description='Research and Development' 
INFO:root:CREATE : name='Guthrie' description='Marketing' 
INFO:root:CREATE : name='Joellyn' description='Training' 
INFO:root:CREATE : name='Aurlie' description='Legal' 
INFO:root:CREATE : name='Gail' description='Research and Development' 
INFO:root:CREATE : name='Doy' description='Business Development' 
INFO:root:CREATE : name='Bellanca' description='Engineering' 
INFO:root:CREATE : name='Lockwood' description='Training' 
INFO:root:CREATE : name='Cobbie' description='Research and Development' 
INFO:root:CREATE : name='Dee dee' description='Services' 
INFO:root:CREATE : name='Philippe' description='Training' 
INFO:root:CREATE : name='Lorry' description='Support' 
INFO:root:CREATE : name='Carmel' description='Training' 
INFO:root:CREATE : name='Brooke' description='Human Resources' 
INFO:root:CREATE : name='Pavel' description='Marketing' 
INFO:root:CREATE : name='Herminia' description='Research and Development' 
INFO:root:CREATE : name='Christos' description='Research and Development' 
INFO:root:CREATE : name='Pearle' description='Product Management' 
INFO:root:CREATE : name='Alexina' description='Research and Development' 
INFO:root:CREATE : name='Tarrance' description='Accounting' 
INFO:root:CREATE : name='Roland' description='Support' 
INFO:root:CREATE : name='Kelly' description='Accounting' 
INFO:root:CREATE : name='Veda' description='Engineering' 
INFO:root:CREATE : name='Hunfredo' description='Engineering' 
INFO:root:CREATE : name='Marcellina' description='Business Development' 
INFO:root:CREATE : name='Randi' description='Services' 
INFO:root:CREATE : name='Pascale' description='Marketing' 
INFO:root:CREATE : name='Christian' description='Engineering' 
INFO:root:CREATE : name='Terza' description='Engineering' 
INFO:root:CREATE : name='Riannon' description='Marketing' 
INFO:root:CREATE : name='Lurline' description='Sales' 
INFO:root:CREATE : name='Lyn' description='Engineering' 
INFO:root:CREATE : name='Brit' description='Marketing' 
INFO:root:CREATE : name='Alison' description='Training' 
INFO:root:CREATE : name='Alvis' description='Services' 
INFO:root:CREATE : name='Dew' description='Marketing' 
INFO:root:CREATE : name='Brose' description='Business Development' 
INFO:root:CREATE : name='Gregor' description='Engineering' 
INFO:root:CREATE : name='Joseph' description='Support' 
INFO:root:CREATE : name='Filip' description='Research and Development' 
INFO:root:CREATE : name='Belvia' description='Business Development' 
INFO:root:CREATE : name='Edgard' description='Research and Development' 
INFO:root:CREATE : name='Cobby' description='Research and Development' 
INFO:root:CREATE : name='Bethany' description='Product Management' 
INFO:root:CREATE : name='Sianna' description='Legal' 
INFO:root:CREATE : name='Nick' description='Marketing' 
INFO:root:CREATE : name='Ugo' description='Research and Development' 
INFO:root:CREATE : name='Rennie' description='Business Development' 
INFO:root:CREATE : name='Almeta' description='Services' 
INFO:root:CREATE : name='Chevy' description='Marketing' 
INFO:root:CREATE : name='Cleo' description='Engineering' 
INFO:root:CREATE : name='Starlin' description='Product Management' 
INFO:root:CREATE : name='Myrlene' description='Business Development' 
INFO:root:CREATE : name='Spencer' description='Research and Development' 
INFO:root:CREATE : name='Adriane' description='Services' 
INFO:root:CREATE : name='See' description='Support' 
INFO:root:CREATE : name='Tracy' description='Accounting' 
INFO:root:CREATE : name='Irene' description='Accounting' 
INFO:root:CREATE : name='Arlan' description='Support' 
INFO:root:CREATE : name='Melisse' description='Human Resources' 
INFO:root:CREATE : name='Roch' description='Training' 
INFO:root:CREATE : name='Vanya' description='Training' 
INFO:root:CREATE : name='Georgy' description='Sales' 
INFO:root:CREATE : name='Keelby' description='Support' 
INFO:root:CREATE : name='Chane' description='Support' 
INFO:root:CREATE : name='Jocelyne' description='Business Development' 
INFO:root:CREATE : name='Judah' description='Business Development' 
INFO:root:CREATE : name='Franciskus' description='Product Management' 
INFO:root:CREATE : name='Hilary' description='Business Development' 
INFO:root:CREATE : name='Christopher' description='Training' 
INFO:root:CREATE : name='Werner' description='Services' 
INFO:root:CREATE : name='Ansel' description='Business Development' 
INFO:root:CREATE : name='Boot' description='Training' 
INFO:root:CREATE : name='Zulema' description='Product Management' 
INFO:root:CREATE : name='Aldus' description='Services' 
INFO:root:CREATE : name='Adelaide' description='Engineering' 
INFO:root:CREATE : name='Agustin' description='Product Management' 
INFO:root:CREATE : name='Philomena' description='Legal' 
INFO:root:CREATE : name='Nana' description='Legal' 
INFO:root:CREATE : name='Christoph' description='Human Resources' 
INFO:root:CREATE : name='Myrvyn' description='Sales' 
INFO:root:CREATE : name='Odilia' description='Accounting' 
INFO:root:CREATE : name='Felicle' description='Human Resources' 
INFO:root:CREATE : name='Park' description='Research and Development' 
INFO:root:CREATE : name='Stanly' description='Legal' 
INFO:root:CREATE : name='Blinni' description='Marketing' 
INFO:root:CREATE : name='Selie' description='Business Development' 
INFO:root:CREATE : name='Elvira' description='Accounting' 
INFO:root:CREATE : name='Ida' description='Marketing' 
INFO:root:CREATE : name='Bernie' description='Product Management' 
INFO:root:CREATE : name='Emmott' description='Business Development' 
INFO:root:CREATE : name='Ernie' description='Support' 
INFO:root:CREATE : name='Denny' description='Engineering' 
INFO:root:CREATE : name='Braden' description='Human Resources' 
INFO:root:CREATE : name='Mannie' description='Research and Development' 
INFO:root:CREATE : name='Teddie' description='Business Development' 
INFO:root:CREATE : name='Fraser' description='Product Management' 
INFO:root:CREATE : name='Karrah' description='Engineering' 
INFO:root:CREATE : name='Hi' description='Research and Development' 
INFO:root:CREATE : name='Deni' description='Human Resources' 
INFO:root:CREATE : name='Sissie' description='Product Management' 
INFO:root:CREATE : name='Thomasin' description='Support' 
INFO:root:CREATE : name='Wit' description='Training' 
INFO:root:CREATE : name='Earl' description='Research and Development' 
INFO:root:CREATE : name='Dyna' description='Support' 
INFO:root:CREATE : name='Roddy' description='Training' 
INFO:root:CREATE : name='Had' description='Support' 
INFO:root:CREATE : name='Orsola' description='Marketing' 
INFO:root:CREATE : name='Loree' description='Training' 
INFO:root:CREATE : name='Terrill' description='Marketing' 
INFO:root:CREATE : name='Becki' description='Sales' 
INFO:root:CREATE : name='Meryl' description='Engineering' 
INFO:root:CREATE : name='Lethia' description='Support' 
INFO:root:CREATE : name='Aleece' description='Research and Development' 
INFO:root:CREATE : name='Dolley' description='Support' 
INFO:root:CREATE : name='Camille' description='Human Resources' 
INFO:root:CREATE : name='Antons' description='Accounting' 
INFO:root:CREATE : name='Angelle' description='Accounting' 
INFO:root:CREATE : name='Lonnie' description='Sales' 
INFO:root:CREATE : name='Jillie' description='Sales' 
INFO:root:CREATE : name='Odey' description='Sales' 
INFO:root:CREATE : name='Ancell' description='Legal' 
INFO:root:CREATE : name='Sibella' description='Services' 
INFO:root:CREATE : name='Ferrell' description='Training' 
INFO:root:CREATE : name='Dredi' description='Business Development' 
INFO:root:CREATE : name='Afton' description='Marketing' 
INFO:root:CREATE : name='Leanora' description='Services' 
INFO:root:CREATE : name='Reinold' description='Business Development' 
INFO:root:CREATE : name='Jeffry' description='Support' 
INFO:root:CREATE : name='Ashil' description='Services' 
INFO:root:CREATE : name='Jodie' description='Support' 
INFO:root:CREATE : name='Kacie' description='Business Development' 
INFO:root:CREATE : name='Layla' description='Training' 
INFO:root:CREATE : name='Susan' description='Human Resources' 
INFO:root:CREATE : name='Gare' description='Training' 
INFO:root:CREATE : name='Ethelbert' description='Training' 
INFO:root:CREATE : name='Kissie' description='Human Resources' 
INFO:root:CREATE : name='Erica' description='Engineering' 
INFO:root:CREATE : name='Shoshanna' description='Engineering' 
INFO:root:CREATE : name='Waneta' description='Accounting' 
INFO:root:CREATE : name='Glyn' description='Services' 
INFO:root:CREATE : name='Margie' description='Legal' 
INFO:root:CREATE : name='Wesley' description='Support' 
INFO:root:CREATE : name='Artus' description='Sales' 
INFO:root:CREATE : name='Vladimir' description='Engineering' 
INFO:root:CREATE : name='Nanny' description='Sales' 
INFO:root:CREATE : name='Fairlie' description='Training' 
INFO:root:CREATE : name='Brett' description='Marketing' 
INFO:root:CREATE : name='Nannette' description='Legal' 
INFO:root:CREATE : name='Patrizia' description='Product Management' 
INFO:root:CREATE : name='Trista' description='Research and Development' 
INFO:root:CREATE : name='Suzette' description='Services' 
INFO:root:CREATE : name='Yorker' description='Accounting' 
INFO:root:CREATE : name='Shirleen' description='Business Development' 
INFO:root:CREATE : name='Gill' description='Business Development' 
INFO:root:CREATE : name='Lev' description='Support' 
INFO:root:CREATE : name='Kalindi' description='Human Resources' 
INFO:root:CREATE : name='Abigail' description='Support' 
INFO:root:CREATE : name='Welbie' description='Training' 
INFO:root:CREATE : name='Kristopher' description='Human Resources' 
INFO:root:CREATE : name='Minnaminnie' description='Support' 
INFO:root:CREATE : name='Maurise' description='Training' 
INFO:root:CREATE : name='Madelena' description='Accounting' 
INFO:root:CREATE : name='Colan' description='Training' 
INFO:root:CREATE : name='Walt' description='Engineering' 
INFO:root:CREATE : name='Kippy' description='Human Resources' 
INFO:root:CREATE : name='Alvis' description='Sales' 
INFO:root:CREATE : name='Tarrance' description='Product Management' 
INFO:root:CREATE : name='Meredith' description='Human Resources' 
INFO:root:CREATE : name='Geordie' description='Accounting' 
INFO:root:CREATE : name='Nadean' description='Training' 
INFO:root:CREATE : name='Yettie' description='Research and Development' 
INFO:root:CREATE : name='Gypsy' description='Sales' 
INFO:root:CREATE : name='Kathi' description='Marketing' 
INFO:root:CREATE : name='Jordanna' description='Legal' 
INFO:root:CREATE : name='Kort' description='Engineering' 
INFO:root:CREATE : name='Keefer' description='Marketing' 
INFO:root:CREATE : name='Lenci' description='Legal' 
INFO:root:CREATE : name='Harmon' description='Accounting' 
INFO:root:CREATE : name='Ab' description='Services' 
INFO:root:CREATE : name='Ashbey' description='Research and Development' 
INFO:root:CREATE : name='Gibb' description='Training' 
INFO:root:CREATE : name='Corrie' description='Research and Development' 
INFO:root:CREATE : name='Inglebert' description='Services' 
INFO:root:CREATE : name='Elmo' description='Engineering' 
INFO:root:CREATE : name='Jeannie' description='Business Development' 
INFO:root:CREATE : name='Lorilee' description='Accounting' 
INFO:root:CREATE : name='Pearce' description='Training' 
INFO:root:CREATE : name='Llywellyn' description='Engineering' 
INFO:root:CREATE : name='Alisa' description='Accounting' 
INFO:root:CREATE : name='Haven' description='Legal' 
INFO:root:CREATE : name='Baxie' description='Marketing' 
INFO:root:CREATE : name='Pepi' description='Legal' 
INFO:root:CREATE : name='Margaux' description='Product Management' 
INFO:root:CREATE : name='Peter' description='Business Development' 
INFO:root:CREATE : name='Fawne' description='Business Development' 
INFO:root:CREATE : name='Farr' description='Business Development' 
INFO:root:CREATE : name='Marybeth' description='Sales' 
INFO:root:CREATE : name='Caralie' description='Product Management' 
INFO:root:CREATE : name='Lorilyn' description='Support' 
INFO:root:CREATE : name='Boycey' description='Human Resources' 
INFO:root:CREATE : name='Ashien' description='Product Management' 
INFO:root:CREATE : name='Cymbre' description='Product Management' 
INFO:root:CREATE : name='Gaspar' description='Research and Development' 
INFO:root:CREATE : name='Sacha' description='Business Development' 
INFO:root:CREATE : name='Maurine' description='Product Management' 
INFO:root:CREATE : name='Any' description='Sales' 
INFO:root:CREATE : name='Worth' description='Engineering' 
INFO:root:CREATE : name='Trina' description='Marketing' 
INFO:root:CREATE : name='Nahum' description='Human Resources' 
INFO:root:CREATE : name='Ev' description='Product Management' 
INFO:root:CREATE : name='Ellsworth' description='Engineering' 
INFO:root:CREATE : name='Rosalyn' description='Marketing' 
INFO:root:CREATE : name='Ailey' description='Legal' 
INFO:root:CREATE : name='Jackie' description='Sales' 
INFO:root:CREATE : name='Susette' description='Marketing' 
INFO:root:CREATE : name='Adan' description='Business Development' 
INFO:root:CREATE : name='Joly' description='Legal' 
INFO:root:CREATE : name='Leigh' description='Legal' 
INFO:root:CREATE : name='Ignazio' description='Business Development' 
INFO:root:CREATE : name='Alie' description='Support' 
INFO:root:CREATE : name='Donnajean' description='Accounting' 
INFO:root:CREATE : name='Dorothea' description='Marketing' 
INFO:root:CREATE : name='Sammie' description='Human Resources' 
INFO:root:CREATE : name='Diego' description='Human Resources' 
INFO:root:CREATE : name='Herculie' description='Engineering' 
INFO:root:CREATE : name='Allayne' description='Human Resources' 
INFO:root:CREATE : name='Shadow' description='Business Development' 
INFO:root:CREATE : name='Rustie' description='Human Resources' 
INFO:root:CREATE : name='Doti' description='Business Development' 
INFO:root:CREATE : name='Heida' description='Product Management' 
INFO:root:CREATE : name='Daryn' description='Services' 
INFO:root:CREATE : name='Michal' description='Sales' 
INFO:root:CREATE : name='Elaine' description='Human Resources' 
INFO:root:CREATE : name='Holmes' description='Sales' 
INFO:root:CREATE : name='Whitaker' description='Training' 
INFO:root:CREATE : name='Heinrick' description='Training' 
INFO:root:CREATE : name='Sheilah' description='Marketing' 
INFO:root:CREATE : name='Evie' description='Human Resources' 
INFO:root:CREATE : name='Cortie' description='Services' 
INFO:root:CREATE : name='Ivar' description='Sales' 
INFO:root:CREATE : name='Alameda' description='Training' 
INFO:root:CREATE : name='Anders' description='Support' 
INFO:root:CREATE : name='June' description='Human Resources' 
INFO:root:CREATE : name='Deirdre' description='Engineering' 
INFO:root:CREATE : name='Titos' description='Training' 
INFO:root:CREATE : name='Gunar' description='Business Development' 
INFO:root:CREATE : name='Keith' description='Legal' 
INFO:root:CREATE : name='Port' description='Research and Development' 
INFO:root:CREATE : name='Freddy' description='Legal' 
INFO:root:CREATE : name='Dollie' description='Sales' 
INFO:root:CREATE : name='Donnie' description='Human Resources' 
INFO:root:CREATE : name='Sandye' description='Engineering' 
INFO:root:CREATE : name='Emery' description='Legal' 
INFO:root:CREATE : name='Jana' description='Research and Development' 
INFO:root:CREATE : name='Carlynn' description='Business Development' 
INFO:root:CREATE : name='Marty' description='Research and Development' 
INFO:root:CREATE : name='Brunhilda' description='Legal' 
INFO:root:CREATE : name='Jolynn' description='Engineering' 
INFO:root:CREATE : name='Vikky' description='Research and Development' 
INFO:root:CREATE : name='Jessamyn' description='Support' 
INFO:root:CREATE : name='Dorthy' description='Business Development' 
INFO:root:CREATE : name='Charlton' description='Research and Development' 
INFO:root:CREATE : name='Killian' description='Engineering' 
INFO:root:CREATE : name='Vina' description='Support' 
INFO:root:CREATE : name='Sheila-kathryn' description='Legal' 
INFO:root:CREATE : name='Gran' description='Accounting' 
INFO:root:CREATE : name='Jessamyn' description='Services' 
INFO:root:CREATE : name='Casie' description='Support' 
INFO:root:CREATE : name='My' description='Accounting' 
INFO:root:CREATE : name='Angelita' description='Product Management' 
INFO:root:CREATE : name='Alisander' description='Support' 
INFO:root:CREATE : name='Monah' description='Engineering' 
INFO:root:CREATE : name='Bradford' description='Support' 
INFO:root:CREATE : name='Dunc' description='Accounting' 
INFO:root:CREATE : name='Theodor' description='Training' 
INFO:root:CREATE : name='Devinne' description='Accounting' 
INFO:root:CREATE : name='Arvin' description='Marketing' 
INFO:root:CREATE : name='Dulci' description='Research and Development' 
INFO:root:CREATE : name='Fiona' description='Human Resources' 
INFO:root:CREATE : name='Claudette' description='Sales' 
INFO:root:CREATE : name='Thorstein' description='Research and Development' 
INFO:root:CREATE : name='Randee' description='Support' 
INFO:root:CREATE : name='Baily' description='Business Development' 
INFO:root:CREATE : name='Betteann' description='Support' 
INFO:root:CREATE : name='Uta' description='Services' 
INFO:root:CREATE : name='Aubine' description='Human Resources' 
INFO:root:CREATE : name='Nollie' description='Sales' 
INFO:root:CREATE : name='Ferris' description='Accounting' 
INFO:root:CREATE : name='Merralee' description='Human Resources' 
INFO:root:CREATE : name='Truman' description='Support' 
INFO:root:CREATE : name='Yorgos' description='Support' 
INFO:root:CREATE : name='Briana' description='Marketing' 
INFO:root:CREATE : name='Christine' description='Sales' 
INFO:root:CREATE : name='Carin' description='Engineering' 
INFO:root:CREATE : name='Frederick' description='Engineering' 
INFO:root:CREATE : name='Johann' description='Human Resources' 
INFO:root:CREATE : name='Eben' description='Marketing' 
INFO:root:CREATE : name='Elissa' description='Research and Development' 
INFO:root:CREATE : name='Letti' description='Marketing' 
INFO:root:CREATE : name='Cob' description='Business Development' 
INFO:root:CREATE : name='Johnny' description='Training' 
INFO:root:CREATE : name='Susanne' description='Business Development' 
INFO:root:CREATE : name='Glenn' description='Services' 
INFO:root:CREATE : name='Raviv' description='Legal' 
INFO:root:CREATE : name='Binky' description='Product Management' 
INFO:root:CREATE : name='Malvin' description='Product Management' 
INFO:root:CREATE : name='Lorette' description='Product Management' 
INFO:root:CREATE : name='Raynor' description='Legal' 
INFO:root:CREATE : name='Nappie' description='Sales' 
INFO:root:CREATE : name='Verene' description='Services' 
INFO:root:CREATE : name='Erica' description='Marketing' 
INFO:root:CREATE : name='Karin' description='Business Development' 
INFO:root:CREATE : name='Rob' description='Engineering' 
INFO:root:CREATE : name='Andrew' description='Services' 
INFO:root:CREATE : name='Etienne' description='Services' 
INFO:root:CREATE : name='Hubert' description='Human Resources' 
INFO:root:CREATE : name='Rory' description='Services' 
INFO:root:CREATE : name='Timofei' description='Services' 
INFO:root:CREATE : name='Dunc' description='Research and Development' 
INFO:root:CREATE : name='Mariel' description='Business Development' 
INFO:root:CREATE : name='Jareb' description='Sales' 
INFO:root:CREATE : name='Cher' description='Business Development' 
INFO:root:CREATE : name='Lancelot' description='Marketing' 
INFO:root:CREATE : name='Sherlocke' description='Accounting' 
INFO:root:CREATE : name='Stephen' description='Accounting' 
INFO:root:CREATE : name='Jere' description='Sales' 
INFO:root:CREATE : name='Addy' description='Product Management' 
INFO:root:CREATE : name='Isabel' description='Research and Development' 
INFO:root:CREATE : name='Joye' description='Services' 
INFO:root:CREATE : name='Lennie' description='Human Resources' 
INFO:root:CREATE : name='Garrek' description='Marketing' 
INFO:root:CREATE : name='Kellen' description='Legal' 
INFO:root:CREATE : name='Robinet' description='Research and Development' 
INFO:root:CREATE : name='Ethelin' description='Product Management' 
INFO:root:CREATE : name='Zacharias' description='Training' 
INFO:root:CREATE : name='Ezra' description='Support' 
INFO:root:CREATE : name='Bernard' description='Sales' 
INFO:root:CREATE : name='Stephan' description='Engineering' 
INFO:root:CREATE : name='Brigid' description='Services' 
INFO:root:CREATE : name='Bronson' description='Marketing' 
INFO:root:CREATE : name='Eduard' description='Marketing' 
INFO:root:CREATE : name='Noby' description='Sales' 
INFO:root:CREATE : name='Nannie' description='Business Development' 
INFO:root:CREATE : name='Aksel' description='Training' 
INFO:root:CREATE : name='Demott' description='Services' 
INFO:root:CREATE : name='Filberto' description='Research and Development' 
INFO:root:CREATE : name='Guthrie' description='Marketing' 
INFO:root:CREATE : name='Joellyn' description='Training' 
INFO:root:CREATE : name='Aurlie' description='Legal' 
INFO:root:CREATE : name='Gail' description='Research and Development' 
INFO:root:CREATE : name='Doy' description='Business Development' 
INFO:root:CREATE : name='Bellanca' description='Engineering' 
INFO:root:CREATE : name='Lockwood' description='Training' 
INFO:root:CREATE : name='Cobbie' description='Research and Development' 
INFO:root:CREATE : name='Dee dee' description='Services' 
INFO:root:CREATE : name='Philippe' description='Training' 
INFO:root:CREATE : name='Lorry' description='Support' 
INFO:root:CREATE : name='Carmel' description='Training' 
INFO:root:CREATE : name='Brooke' description='Human Resources' 
INFO:root:CREATE : name='Pavel' description='Marketing' 
INFO:root:CREATE : name='Herminia' description='Research and Development' 
INFO:root:CREATE : name='Christos' description='Research and Development' 
INFO:root:CREATE : name='Pearle' description='Product Management' 
INFO:root:CREATE : name='Alexina' description='Research and Development' 
INFO:root:CREATE : name='Tarrance' description='Accounting' 
INFO:root:CREATE : name='Roland' description='Support' 
INFO:root:CREATE : name='Kelly' description='Accounting' 
INFO:root:CREATE : name='Veda' description='Engineering' 
INFO:root:CREATE : name='Hunfredo' description='Engineering' 
INFO:root:CREATE : name='Marcellina' description='Business Development' 
INFO:root:CREATE : name='Randi' description='Services' 
INFO:root:CREATE : name='Pascale' description='Marketing' 
INFO:root:CREATE : name='Christian' description='Engineering' 
INFO:root:CREATE : name='Terza' description='Engineering' 
INFO:root:CREATE : name='Riannon' description='Marketing' 
INFO:root:CREATE : name='Lurline' description='Sales' 
INFO:root:CREATE : name='Lyn' description='Engineering' 
INFO:root:CREATE : name='Brit' description='Marketing' 
INFO:root:CREATE : name='Alison' description='Training' 
INFO:root:CREATE : name='Alvis' description='Services' 
INFO:root:CREATE : name='Dew' description='Marketing' 
INFO:root:CREATE : name='Brose' description='Business Development' 
INFO:root:CREATE : name='Gregor' description='Engineering' 
INFO:root:CREATE : name='Joseph' description='Support' 
INFO:root:CREATE : name='Filip' description='Research and Development' 
INFO:root:CREATE : name='Belvia' description='Business Development' 
INFO:root:CREATE : name='Edgard' description='Research and Development' 
INFO:root:CREATE : name='Cobby' description='Research and Development' 
INFO:root:CREATE : name='Bethany' description='Product Management' 
INFO:root:CREATE : name='Sianna' description='Legal' 
INFO:root:CREATE : name='Nick' description='Marketing' 
INFO:root:CREATE : name='Ugo' description='Research and Development' 
INFO:root:CREATE : name='Rennie' description='Business Development' 
INFO:root:CREATE : name='Almeta' description='Services' 
INFO:root:CREATE : name='Chevy' description='Marketing' 
INFO:root:CREATE : name='Cleo' description='Engineering' 
INFO:root:CREATE : name='Starlin' description='Product Management' 
INFO:root:CREATE : name='Myrlene' description='Business Development' 
INFO:root:CREATE : name='Spencer' description='Research and Development' 
INFO:root:CREATE : name='Adriane' description='Services' 
INFO:root:CREATE : name='See' description='Support' 
INFO:root:CREATE : name='Tracy' description='Accounting' 
INFO:root:CREATE : name='Irene' description='Accounting' 
INFO:root:CREATE : name='Arlan' description='Support' 
INFO:root:CREATE : name='Melisse' description='Human Resources' 
INFO:root:CREATE : name='Roch' description='Training' 
INFO:root:CREATE : name='Vanya' description='Training' 
INFO:root:CREATE : name='Georgy' description='Sales' 
INFO:root:CREATE : name='Keelby' description='Support' 
INFO:root:CREATE : name='Chane' description='Support' 
INFO:root:CREATE : name='Jocelyne' description='Business Development' 
INFO:root:CREATE : name='Judah' description='Business Development' 
INFO:root:CREATE : name='Franciskus' description='Product Management' 
INFO:root:CREATE : name='Hilary' description='Business Development' 
INFO:root:CREATE : name='Christopher' description='Training' 
INFO:root:CREATE : name='Werner' description='Services' 
INFO:root:CREATE : name='Ansel' description='Business Development' 
INFO:root:CREATE : name='Boot' description='Training' 
INFO:root:CREATE : name='Zulema' description='Product Management' 
INFO:root:CREATE : name='Aldus' description='Services' 
INFO:root:CREATE : name='Adelaide' description='Engineering' 
INFO:root:CREATE : name='Agustin' description='Product Management' 
INFO:root:CREATE : name='Philomena' description='Legal' 
INFO:root:CREATE : name='Nana' description='Legal' 
INFO:root:CREATE : name='Christoph' description='Human Resources' 
INFO:root:CREATE : name='Myrvyn' description='Sales' 
INFO:root:CREATE : name='Odilia' description='Accounting' 
INFO:root:CREATE : name='Felicle' description='Human Resources' 
INFO:root:CREATE : name='Park' description='Research and Development' 
INFO:root:CREATE : name='Stanly' description='Legal' 
INFO:root:CREATE : name='Blinni' description='Marketing' 
INFO:root:CREATE : name='Selie' description='Business Development' 
INFO:root:CREATE : name='Elvira' description='Accounting' 
INFO:root:CREATE : name='Ida' description='Marketing' 
INFO:root:CREATE : name='Bernie' description='Product Management' 
INFO:root:CREATE : name='Emmott' description='Business Development' 
INFO:root:CREATE : name='Ernie' description='Support' 
INFO:root:CREATE : name='Denny' description='Engineering' 
INFO:root:CREATE : name='Braden' description='Human Resources' 
INFO:root:CREATE : name='Mannie' description='Research and Development' 
INFO:root:CREATE : name='Teddie' description='Business Development' 
INFO:root:CREATE : name='Fraser' description='Product Management' 
INFO:root:CREATE : name='Karrah' description='Engineering' 
INFO:root:CREATE : name='Hi' description='Research and Development' 
INFO:root:CREATE : name='Deni' description='Human Resources' 
INFO:root:CREATE : name='Latia' description='Business Development' 
INFO:root:CREATE : name='Mikol' description='Support' 
INFO:root:CREATE : name='Jethro' description='Services' 
INFO:root:CREATE : name='Alfreda' description='Support' 
INFO:root:CREATE : name='Dredi' description='Sales' 
INFO:root:CREATE : name='Kirby' description='Support' 
INFO:root:CREATE : name='Aleece' description='Sales' 
INFO:root:CREATE : name='Thorny' description='Legal' 
INFO:root:CREATE : name='Erwin' description='Engineering' 
INFO:root:CREATE : name='Bonny' description='Support' 
INFO:root:CREATE : name='Ethelred' description='Research and Development' 
INFO:root:CREATE : name='Dodie' description='Sales' 
INFO:root:CREATE : name='Benjy' description='Sales' 
INFO:root:CREATE : name='Bryn' description='Sales' 
INFO:root:CREATE : name='Rosalinda' description='Engineering' 
INFO:root:CREATE : name='Gordan' description='Engineering' 
INFO:root:CREATE : name='Garv' description='Product Management' 
INFO:root:CREATE : name='Abbie' description='Business Development' 
INFO:root:CREATE : name='Axe' description='Services' 
INFO:root:CREATE : name='Ashil' description='Marketing' 
INFO:root:CREATE : name='Allie' description='Sales' 
INFO:root:CREATE : name='Gabie' description='Product Management' 
INFO:root:CREATE : name='Nertie' description='Accounting' 
INFO:root:CREATE : name='Babara' description='Legal' 
INFO:root:CREATE : name='Brady' description='Research and Development' 
INFO:root:CREATE : name='Henriette' description='Accounting' 
INFO:root:CREATE : name='Alene' description='Accounting' 
INFO:root:CREATE : name='Dex' description='Services' 
INFO:root:CREATE : name='Perry' description='Legal' 
INFO:root:CREATE : name='Olympe' description='Training' 
INFO:root:CREATE : name='Stacy' description='Research and Development' 
INFO:root:CREATE : name='Gabbi' description='Legal' 
INFO:root:CREATE : name='North' description='Research and Development' 
INFO:root:CREATE : name='Fenelia' description='Sales' 
INFO:root:CREATE : name='Gregoor' description='Sales' 
INFO:root:CREATE : name='Keri' description='Engineering' 
INFO:root:CREATE : name='Corrinne' description='Human Resources' 
INFO:root:CREATE : name='Kynthia' description='Business Development' 
INFO:root:CREATE : name='Fitzgerald' description='Human Resources' 
INFO:root:CREATE : name='Cher' description='Marketing' 
INFO:root:CREATE : name='Raine' description='Legal' 
INFO:root:CREATE : name='Cary' description='Legal' 
INFO:root:CREATE : name='Kristian' description='Legal' 
INFO:root:CREATE : name='Cherrita' description='Legal' 
INFO:root:CREATE : name='Thedrick' description='Engineering' 
INFO:root:CREATE : name='Idalina' description='Support' 
INFO:root:CREATE : name='Clemens' description='Services' 
INFO:root:CREATE : name='Janetta' description='Research and Development' 
INFO:root:CREATE : name='Tommie' description='Business Development' 
INFO:root:CREATE : name='Rayner' description='Human Resources' 
INFO:root:CREATE : name='Stacee' description='Research and Development' 
INFO:root:CREATE : name='Davina' description='Accounting' 
INFO:root:CREATE : name='Axe' description='Engineering' 
INFO:root:CREATE : name='Florence' description='Accounting' 
INFO:root:CREATE : name='Chris' description='Services' 
INFO:root:CREATE : name='Reg' description='Accounting' 
INFO:root:CREATE : name='Harmonie' description='Engineering' 
INFO:root:CREATE : name='Tommie' description='Support' 
INFO:root:CREATE : name='Joline' description='Research and Development' 
INFO:root:CREATE : name='Kevan' description='Marketing' 
INFO:root:CREATE : name='Melany' description='Sales' 
INFO:root:CREATE : name='Nananne' description='Engineering' 
INFO:root:CREATE : name='Roxanna' description='Training' 
INFO:root:CREATE : name='Fielding' description='Research and Development' 
INFO:root:CREATE : name='Carilyn' description='Marketing' 
INFO:root:CREATE : name='Delia' description='Business Development' 
INFO:root:CREATE : name='Tonya' description='Support' 
INFO:root:CREATE : name='Sabra' description='Engineering' 
INFO:root:CREATE : name='Raddie' description='Human Resources' 
INFO:root:CREATE : name='Colene' description='Training' 
INFO:root:CREATE : name='Kennan' description='Services' 
INFO:root:CREATE : name='Terrill' description='Product Management' 
INFO:root:CREATE : name='Kinny' description='Business Development' 
INFO:root:CREATE : name='Markos' description='Legal' 
INFO:root:CREATE : name='Grantham' description='Marketing' 
INFO:root:CREATE : name='Kirstin' description='Legal' 
INFO:root:CREATE : name='Lissa' description='Engineering' 
INFO:root:READ ALL : skip=0 limit=100
INFO:root:READ ALL : skip=0 limit=100
INFO:root:READ ALL : skip=0 limit=100
INFO:root:READ ALL : skip=0 limit=100
INFO:root:READ ALL : skip=0 limit=100
INFO:root:READ ALL : skip=0 limit=100
